Microchip MPLAB XC8 Compiler V2.41

Linker command line:

-W-3 \
  --edf=C:/Program Files/Microchip/MPLABX/v6.15/packs/Microchip/PIC18Fxxxx_DFP/1.4.151/xc8\pic\dat\20230323171731_en.msgs \
  -cn -h+dist/default/debug\application.debug.sym \
  --cmf=dist/default/debug\application.debug.cmf -z -Q18F4620 \
  -oC:\Users\mohop\AppData\Local\Temp\xcAs784.\driver_tmp_3.o \
  --defsym=__MPLAB_BUILD=1 --fixupoverflow=error \
  -Mdist/default/debug/application.debug.map \
  --md=C:\Users\mohop\AppData\Local\Temp\xcAs784.\driver_tmp_0.dat -E1 \
  -ver=XC8 Compiler --acfsm=1493 -ACODE=00h-0FFFFh -ACONST=00h-0FFFFh \
  -ASMALLCONST=01000h-010FFhx240 -AMEDIUMCONST=01000h-0FFFFh \
  -ACOMRAM=01h-07Fh -AABS1=00h-0F7Fh -ABIGRAM=01h-0F7Fh \
  -ARAM=080h-0FFh,0100h-01FFhx14,0F00h-0F7Fh -ABANK0=080h-0FFh \
  -ABANK1=0100h-01FFh -ABANK2=0200h-02FFh -ABANK3=0300h-03FFh \
  -ABANK4=0400h-04FFh -ABANK5=0500h-05FFh -ABANK6=0600h-06FFh \
  -ABANK7=0700h-07FFh -ABANK8=0800h-08FFh -ABANK9=0900h-09FFh \
  -ABANK10=0A00h-0AFFh -ABANK11=0B00h-0BFFh -ABANK12=0C00h-0CFFh \
  -ABANK13=0D00h-0DFFh -ABANK14=0E00h-0EFFh -ABANK15=0F00h-0F7Fh \
  -ASFR=0F80h-0FFFh -ABIGSFR=0F80h-0FFFh -ACONFIG=0300000h-030000Dh \
  -AIDLOC=0200000h-0200007h -AEEDATA=0F00000h-0F003FFh -peeprom_data=EEDATA \
  -preset_vec=00h,intcode=08h,intcodelo=018h,powerup,init -pramtop=01000h \
  -psmallconst=SMALLCONST -pmediumconst=MEDIUMCONST -pconst=CONST \
  -AFARRAM=00h-00h \
  -prdata=COMRAM,nvrram=COMRAM,nvbit=COMRAM,rbss=COMRAM,rbit=COMRAM \
  -pfarbss=FARRAM,fardata=FARRAM,nvFARRAM=FARRAM \
  -pintsave_regs=BIGRAM,bigbss=BIGRAM,bigdata=BIGRAM -pbss=RAM \
  -pidata=CODE,irdata=CODE,ibigdata=CODE,ifardata=CODE -prparam=COMRAM \
  C:\Users\mohop\AppData\Local\Temp\xcAs784.\driver_tmp_14.o \
  dist/default/debug\application.debug.o 

Object code version is 3.11

Machine type is 18F4620



                Name                               Link     Load   Length Selector   Space Scale
C:\Users\mohop\AppData\Local\Temp\xcAs784.\driver_tmp_14.o
                config                           300000   300000        E        0       4
                init                                260      260        4        C       0
                reset_vec                             0        0        4        0       0
dist/default/debug\application.debug.o
                intcodelo                            18       18      248        C       0
                intcode                               8        8        6        4       0
                config                           300000   300000        E        0       4
                temp                                 58       58        1        1       1
                smallconst                         1000     1000       56      800       0
                text89                             40BE     40BE        4      82B       0
                text88                             40BA     40BA        4      82B       0
                text87                             3356     3356       A6      82B       0
                text86                             3FB8     3FB8       20      82B       0
                text85                             315E     315E       AC      82B       0
                text84                             3F1E     3F1E       2E      82B       0
                text83                             3EF0     3EF0       2E      82B       0
                text82                             40B6     40B6        4      82B       0
                text81                             40B2     40B2        4      82B       0
                text80                             40AE     40AE        4      82B       0
                text79                             40AA     40AA        4      82B       0
                text78                             40A6     40A6        4      82B       0
                text77                             40A2     40A2        4      82B       0
                text76                             4060     4060        C      82B       0
                text75                             4054     4054        C      82B       0
                text74                             407C     407C        6      82B       0
                text73                             409E     409E        4      82B       0
                text72                             3E5E     3E5E       36      82B       0
                intcode_body                       189C     189C      250      82B       0
                text70                             409A     409A        4      82B       0
                text69                             32B0     32B0       A6      82B       0
                text68                             3F98     3F98       20      82B       0
                text67                             2F46     2F46       B6      82B       0
                text66                             3EC2     3EC2       2E      82B       0
                text65                             3E94     3E94       2E      82B       0
                text64                             4096     4096        4      82B       0
                text63                             4092     4092        4      82B       0
                text62                             408E     408E        4      82B       0
                text61                             408A     408A        4      82B       0
                text60                             4086     4086        4      82B       0
                text59                             4082     4082        4      82B       0
                text58                             4048     4048        C      82B       0
                text57                             403C     403C        C      82B       0
                text56                             4076     4076        6      82B       0
                text55                             402E     402E        E      82B       0
                text54                             3E28     3E28       36      82B       0
                text52                             1482     1482      41A      82B       0
                text51                             1056     1056      42C      82B       0
                text50                             274E     274E      108      82B       0
                text49                             3AE6     3AE6       6E      82B       0
                text48                             1AEC     1AEC      1B8      82B       0
                text47                             23C0     23C0      138      82B       0
                text46                             1E3E     1E3E      178      82B       0
                text45                             2DCA     2DCA       C4      82B       0
                text44                             30AE     30AE       B0      82B       0
                text43                             3D74     3D74       42      82B       0
                text42                             40C2     40C2        2      82B       0
                text41                             2D00     2D00       CA      82B       0
                text40                             3CE8     3CE8       48      82B       0
                text39                             3818     3818       7E      82B       0
                text38                             1CA4     1CA4      19A      82B       0
                text37                             24F8     24F8      12C      82B       0
                text36                             3BA8     3BA8       54      82B       0
                text35                             3BFC     3BFC       52      82B       0
                text34                             2E8E     2E8E       B8      82B       0
                text33                             2272     2272      14E      82B       0
                text32                             3B54     3B54       54      82B       0
                text31                             33FC     33FC       92      82B       0
                text30                             379A     379A       7E      82B       0
                text29                             371C     371C       7E      82B       0
                text28                             2FFC     2FFC       B2      82B       0
                text27                             3C9E     3C9E       4A      82B       0
                text26                             351E     351E       82      82B       0
                text25                             3C4E     3C4E       50      82B       0
                text24                             3A74     3A74       72      82B       0
                text23                             2C1C     2C1C       E4      82B       0
                text22                             1FB6     1FB6      162      82B       0
                text21                             348E     348E       90      82B       0
                text20                             2A3E     2A3E       F0      82B       0
                text19                             401E     401E       10      82B       0
                text18                             39FE     39FE       76      82B       0
                text17                             2118     2118      15A      82B       0
                text16                             3986     3986       78      82B       0
                text15                             390E     390E       78      82B       0
                text14                             3896     3896       78      82B       0
                text13                             320A     320A       A6      82B       0
                text12                             2624     2624      12A      82B       0
                text11                             2856     2856       F8      82B       0
                text10                             3DB6     3DB6       3A      82B       0
                text9                              3D30     3D30       44      82B       0
                text8                              369E     369E       7E      82B       0
                text7                              3F76     3F76       22      82B       0
                text6                              3620     3620       7E      82B       0
                text5                              2B2E     2B2E       EE      82B       0
                text4                              3F4C     3F4C       2A      82B       0
                text3                              400C     400C       12      82B       0
                text2                              406C     406C        A      82B       0
                text1                              294E     294E       F0      82B       0
                text0                              3DF0     3DF0       38      82B       0
                cstackCOMRAM                          1        1       30        1       1
                cstackBANK0                          B3       B3       33       80       1
                cstackBANK1                         13E      13E       27      100       1
                dataBANK1                           165      165       1A      100       1
                bssBANK1                            100      100       3E      100       1
                dataBANK0                            E6       E6       1A       80       1
                bssBANK0                             80       80       33       80       1
                dataCOMRAM                           57       57        1        1       1
                bssCOMRAM                            31       31       25        1       1
                cinit                              35A0     35A0       80      82B       0
                nvCOMRAM                             56       56        1        1       1
                idataBANK1                         3FF2     3FF2       1A      82B       0
                idataBANK0                         3FD8     3FD8       1A      82B       0
                idataCOMRAM                        40C4     40C4        1      82B       0

TOTAL           Name                               Link     Load   Length     Space
        CLASS   CODE           
                intcodelo                            18       18      248         0
                intcode                               8        8        6         0
                init                                260      260        4         0
                reset_vec                             0        0        4         0
                text89                             40BE     40BE        4         0
                text88                             40BA     40BA        4         0
                text87                             3356     3356       A6         0
                text86                             3FB8     3FB8       20         0
                text85                             315E     315E       AC         0
                text84                             3F1E     3F1E       2E         0
                text83                             3EF0     3EF0       2E         0
                text82                             40B6     40B6        4         0
                text81                             40B2     40B2        4         0
                text80                             40AE     40AE        4         0
                text79                             40AA     40AA        4         0
                text78                             40A6     40A6        4         0
                text77                             40A2     40A2        4         0
                text76                             4060     4060        C         0
                text75                             4054     4054        C         0
                text74                             407C     407C        6         0
                text73                             409E     409E        4         0
                text72                             3E5E     3E5E       36         0
                intcode_body                       189C     189C      250         0
                text70                             409A     409A        4         0
                text69                             32B0     32B0       A6         0
                text68                             3F98     3F98       20         0
                text67                             2F46     2F46       B6         0
                text66                             3EC2     3EC2       2E         0
                text65                             3E94     3E94       2E         0
                text64                             4096     4096        4         0
                text63                             4092     4092        4         0
                text62                             408E     408E        4         0
                text61                             408A     408A        4         0
                text60                             4086     4086        4         0
                text59                             4082     4082        4         0
                text58                             4048     4048        C         0
                text57                             403C     403C        C         0
                text56                             4076     4076        6         0
                text55                             402E     402E        E         0
                text54                             3E28     3E28       36         0
                text52                             1482     1482      41A         0
                text51                             1056     1056      42C         0
                text50                             274E     274E      108         0
                text49                             3AE6     3AE6       6E         0
                text48                             1AEC     1AEC      1B8         0
                text47                             23C0     23C0      138         0
                text46                             1E3E     1E3E      178         0
                text45                             2DCA     2DCA       C4         0
                text44                             30AE     30AE       B0         0
                text43                             3D74     3D74       42         0
                text42                             40C2     40C2        2         0
                text41                             2D00     2D00       CA         0
                text40                             3CE8     3CE8       48         0
                text39                             3818     3818       7E         0
                text38                             1CA4     1CA4      19A         0
                text37                             24F8     24F8      12C         0
                text36                             3BA8     3BA8       54         0
                text35                             3BFC     3BFC       52         0
                text34                             2E8E     2E8E       B8         0
                text33                             2272     2272      14E         0
                text32                             3B54     3B54       54         0
                text31                             33FC     33FC       92         0
                text30                             379A     379A       7E         0
                text29                             371C     371C       7E         0
                text28                             2FFC     2FFC       B2         0
                text27                             3C9E     3C9E       4A         0
                text26                             351E     351E       82         0
                text25                             3C4E     3C4E       50         0
                text24                             3A74     3A74       72         0
                text23                             2C1C     2C1C       E4         0
                text22                             1FB6     1FB6      162         0
                text21                             348E     348E       90         0
                text20                             2A3E     2A3E       F0         0
                text19                             401E     401E       10         0
                text18                             39FE     39FE       76         0
                text17                             2118     2118      15A         0
                text16                             3986     3986       78         0
                text15                             390E     390E       78         0
                text14                             3896     3896       78         0
                text13                             320A     320A       A6         0
                text12                             2624     2624      12A         0
                text11                             2856     2856       F8         0
                text10                             3DB6     3DB6       3A         0
                text9                              3D30     3D30       44         0
                text8                              369E     369E       7E         0
                text7                              3F76     3F76       22         0
                text6                              3620     3620       7E         0
                text5                              2B2E     2B2E       EE         0
                text4                              3F4C     3F4C       2A         0
                text3                              400C     400C       12         0
                text2                              406C     406C        A         0
                text1                              294E     294E       F0         0
                text0                              3DF0     3DF0       38         0
                cinit                              35A0     35A0       80         0
                idataBANK1                         3FF2     3FF2       1A         0
                idataBANK0                         3FD8     3FD8       1A         0
                idataCOMRAM                        40C4     40C4        1         0

        CLASS   CONST          

        CLASS   SMALLCONST     
                smallconst                         1000     1000       56         0

        CLASS   MEDIUMCONST    

        CLASS   COMRAM         
                temp                                 58       58        1         1
                cstackCOMRAM                          1        1       30         1
                dataCOMRAM                           57       57        1         1
                bssCOMRAM                            31       31       25         1
                nvCOMRAM                             56       56        1         1

        CLASS   ABS1           

        CLASS   BIGRAM         

        CLASS   RAM            

        CLASS   BANK0          
                cstackBANK0                          B3       B3       33         1
                dataBANK0                            E6       E6       1A         1
                bssBANK0                             80       80       33         1

        CLASS   BANK1          
                cstackBANK1                         13E      13E       27         1
                dataBANK1                           165      165       1A         1
                bssBANK1                            100      100       3E         1

        CLASS   BANK2          

        CLASS   BANK3          

        CLASS   BANK4          

        CLASS   BANK5          

        CLASS   BANK6          

        CLASS   BANK7          

        CLASS   BANK8          

        CLASS   BANK9          

        CLASS   BANK10         

        CLASS   BANK11         

        CLASS   BANK12         

        CLASS   BANK13         

        CLASS   BANK14         

        CLASS   BANK15         

        CLASS   SFR            

        CLASS   BIGSFR         

        CLASS   CONFIG         
                config                           300000   300000        E         4

        CLASS   IDLOC          

        CLASS   EEDATA         

        CLASS   FARRAM         

        CLASS   HEAP           

        CLASS   STACK          



SEGMENTS        Name                           Load    Length   Top    Selector   Space  Class

                reset_vec                      000000  000004  000004         0       0  CODE    
                cstackCOMRAM                   000001  000058  000059         1       1  COMRAM  
                intcode                        000008  000006  00000E         4       0  CODE    
                intcodelo                      000018  00024C  000264         C       0  CODE    
                bssBANK0                       000080  000080  000100        80       1  BANK0   
                bssBANK1                       000100  00007F  00017F       100       1  BANK1   
                smallconst                     001000  000056  001056       800       0  SMALLCON
                text51                         001056  00306F  0040C5       82B       0  CODE    


UNUSED ADDRESS RANGES

        Name                Unused          Largest block    Delta
        BANK1            00017F-0001FF               81
        BANK10           000A00-000AFF              100
        BANK11           000B00-000BFF              100
        BANK12           000C00-000CFF              100
        BANK13           000D00-000DFF              100
        BANK14           000E00-000EFF              100
        BANK15           000F00-000F7F               80
        BANK2            000200-0002FF              100
        BANK3            000300-0003FF              100
        BANK4            000400-0004FF              100
        BANK5            000500-0005FF              100
        BANK6            000600-0006FF              100
        BANK7            000700-0007FF              100
        BANK8            000800-0008FF              100
        BANK9            000900-0009FF              100
        BIGRAM           000059-00007F               27
                         00017F-000F7F              E01
        BIGSFR           000F80-000FFF               80
        CODE             000004-000007                4
                         00000E-000017                A
                         000264-000FFF              D9C
                         0040C5-00FFFF             BF3B
        COMRAM           000059-00007F               27
        CONST            000004-000007                4
                         00000E-000017                A
                         000264-000FFF              D9C
                         0040C5-00FFFF             BF3B
        EEDATA           F00000-F003FF              400
        IDLOC            200000-200007                8
        MEDIUMCONST      0040C5-00FFFF             BF3B
        RAM              00017F-000F7F              100
        SFR              000F80-000FFF               80
        SMALLCONST       0040C5-00FFFF              100

                                  Symbol Table

?___awdiv                                        cstackCOMRAM 000028
?___awmod                                        cstackCOMRAM 000028
?___fldiv                                        cstackBANK0  0000DE
?___flmul                                        cstackBANK0  0000C5
?___fltol                                        cstackBANK1  00014F
?___lldiv                                        cstackBANK0  0000B7
?___lmul                                         cstackCOMRAM 000028
?___xxtofl                                       cstackBANK0  0000B7
?_abs                                            cstackCOMRAM 00002E
?_sprintf                                        cstackBANK1  000140
?_vfprintf                                       cstackBANK0  0000E0
CCP1_Interrupt_Init@_ccp_obj                     cstackCOMRAM 000028
CCP2_Interrupt_Init@_ccp_obj                     cstackCOMRAM 000028
CCP_Capture_Compare_Timer_Config@_ccp_obj        cstackCOMRAM 000028
CCP_Capture_Mode_Init@_ccp_obj                   cstackCOMRAM 00002B
CCP_Capture_Mode_Init@ret                        cstackCOMRAM 00002F
CCP_Capture_Mode_Read_Value@F3461                bssBANK0     00008C
CCP_Capture_Mode_Read_Value@_ccp_obj             cstackCOMRAM 000013
CCP_Capture_Mode_Read_Value@capture_temp_value   cstackCOMRAM 00001B
CCP_Capture_Mode_Read_Value@capture_value        cstackCOMRAM 000015
CCP_Init@_ccp_obj                                cstackBANK0  0000C7
CCP_Init@ret                                     cstackBANK0  0000CB
CCP_Interrupt_Init@_ccp_obj                      cstackCOMRAM 00002B
CCP_Interrupt_Init@ret                           cstackCOMRAM 00002F
CCP_PWM_Mode_Init@_ccp_obj                       cstackBANK0  0000C4
CCP_PWM_Mode_Init@ret                            cstackBANK0  0000C6
HeartRate_Calculate@BPM                          cstackBANK1  000164
HeartRate_Calculate@HeartRate_BPM                cstackBANK1  00015E
HeartRate_Calculate@TimerPrescaler               cstackBANK1  00015D
HeartRate_Calculate@XTAL_FREQ_MHZ                cstackBANK1  000159
HeartRate_Calculate@beats_Time_Seconds           cstackBANK1  000160
HeartRate_Display@BPM_Str                        cstackBANK1  000160
HeartRate_Display@HeartRate_BPM                  cstackBANK1  00015F
HeartRate_Display@flag                           bssBANK0     000098
Timer2_Init@_timer                               cstackCOMRAM 000028
Timer2_Init@ret                                  cstackCOMRAM 00002B
Timer3_Init@_timer                               cstackCOMRAM 00002A
Timer3_Init@ret                                  cstackCOMRAM 00002E
Timer3_Mode_Select@_timer                        cstackCOMRAM 000028
Timer3_Write_Value@_timer                        cstackCOMRAM 000013
Timer3_Write_Value@_value                        cstackCOMRAM 000015
_ADC_ISR                                         text70       00409A
_ADC_InterruptHandler                            bssCOMRAM    000045
_ADRESH                                          (abs)        000FC4
_ADRESL                                          (abs)        000FC3
_CCP1_Callback_ISR                               text67       002F46
_CCP1_Callback_ISR$intlevel1                     text67       002F50
_CCP1_Capture_Mode_Init                          text10       003DB6
_CCP1_ISR                                        text66       003EC2
_CCP1_InterruptHandler                           bssCOMRAM    000033
_CCP1_Interrupt_Init                             text16       003986
_CCP2_ISR                                        text65       003E94
_CCP2_InterruptHandler                           bssCOMRAM    000031
_CCP2_Interrupt_Init                             text15       00390E
_CCP2_PWM_200KHZ_INIT                            text9        003D30
_CCP_Capture_Compare_Timer_Config                text18       0039FE
_CCP_Capture_Mode_Init                           text17       002118
_CCP_Capture_Mode_Read_Value                     text69       0032B0
_CCP_Init                                        text11       002856
_CCP_Interrupt_Init                              text14       003896
_CCP_PWM_Mode_Init                               text12       002624
_Cap                                             bssBANK0     0000AD
_Full_Heart_Custom_Char                          dataBANK1    000177
_HeartRate_Calculate                             text47       0023C0
_HeartRate_Display                               text23       002C1C
_HeartRate_Measure_Init                          text2        00406C
_Hollow_Heart_Custom_Char                        dataBANK1    00016F
_INT0_ISR                                        text89       0040BE
_INT0_InterruptHandler                           bssBANK0     000096
_INT1_ISR                                        text64       004096
_INT1_InterruptHandler                           bssCOMRAM    000043
_INT2_ISR                                        text63       004092
_INT2_InterruptHandler                           bssCOMRAM    000041
_InterruptManagerHigh                            intcode      000008
_InterruptManagerLow                             intcodelo    000018
_RB4_ISR                                         text62       00408E
_RB4_InterruptHandler                            bssCOMRAM    00003F
_RB4_pin_init_value                              bssCOMRAM    00004D
_RB5_ISR                                         text61       00408A
_RB5_InterruptHandler                            bssCOMRAM    00003D
_RB5_pin_init_value                              bssCOMRAM    00004C
_RB6_ISR                                         text60       004086
_RB6_InterruptHandler                            bssBANK0     000094
_RB6_pin_init_value                              bssCOMRAM    00004B
_RB7_ISR                                         text59       004082
_RB7_InterruptHandler                            bssBANK0     000092
_RB7_pin_init_value                              bssCOMRAM    00004A
_TMR0H                                           (abs)        000FD7
_TMR0_ISR                                        text58       004048
_TMR0_InterruptHandler                           bssBANK0     000090
_TMR1_ISR                                        text57       00403C
_TMR1_InterruptHandler                           bssBANK0     00008E
_TMR2_ISR                                        text56       004076
_TMR3_Callback_ISR                               text55       00402E
_TMR3_Callback_ISR$intlevel1                     text55       004038
_TMR3_ISR                                        text54       003E28
_TMR3_InterruptHandler                           bssCOMRAM    000037
_Timer2_Init                                     text8        00369E
_Timer2_Timer_Init                               text7        003F76
_Timer3_Init                                     text5        002B2E
_Timer3_Mode_Select                              text6        003620
_Timer3_Timer_Init                               text4        003F4C
_Timer3_Write_Value                              text68       003F98
_Welcome_Message                                 text1        00294E
__HRAM                                           (abs)        000000
__H__absolute__                                  __absolute__ 000000
__Habs1                                          abs1         000000
__Hbank0                                         bank0        000000
__Hbank1                                         bank1        000000
__Hbank10                                        bank10       000000
__Hbank11                                        bank11       000000
__Hbank12                                        bank12       000000
__Hbank13                                        bank13       000000
__Hbank14                                        bank14       000000
__Hbank15                                        bank15       000000
__Hbank2                                         bank2        000000
__Hbank3                                         bank3        000000
__Hbank4                                         bank4        000000
__Hbank5                                         bank5        000000
__Hbank6                                         bank6        000000
__Hbank7                                         bank7        000000
__Hbank8                                         bank8        000000
__Hbank9                                         bank9        000000
__Hbigbss                                        bigbss       000000
__Hbigdata                                       bigdata      000000
__Hbigram                                        bigram       000000
__Hbigsfr                                        bigsfr       000000
__Hbss                                           bss          000000
__HbssBANK0                                      bssBANK0     000000
__HbssBANK1                                      bssBANK1     000000
__HbssCOMRAM                                     bssCOMRAM    000000
__Hcinit                                         cinit        000000
__Hclrtext                                       clrtext      000000
__Hcomram                                        comram       000000
__Hconfig                                        config       30000E
__Hconst                                         const        000000
__HcstackBANK0                                   cstackBANK0  000000
__HcstackBANK1                                   cstackBANK1  000000
__HcstackCOMRAM                                  cstackCOMRAM 000000
__Hdata                                          data         000000
__HdataBANK0                                     dataBANK0    000000
__HdataBANK1                                     dataBANK1    000000
__HdataCOMRAM                                    dataCOMRAM   000000
__Heeprom_data                                   eeprom_data  000000
__Hfarbss                                        farbss       000000
__Hfardata                                       fardata      000000
__Hheap                                          heap         000000
__Hibigdata                                      ibigdata     000000
__Hidata                                         idata        000000
__HidataBANK0                                    idataBANK0   000000
__HidataBANK1                                    idataBANK1   000000
__HidataCOMRAM                                   idataCOMRAM  000000
__Hidloc                                         idloc        000000
__Hifardata                                      ifardata     000000
__Hinit                                          init         000264
__Hintcode                                       intcode      00000E
__Hintcode_body                                  intcode_body 000000
__Hintcodelo                                     intcodelo    000260
__Hintentry                                      intentry     000000
__Hintret                                        intret       000000
__Hintsave_regs                                  intsave_regs 000000
__Hirdata                                        irdata       000000
__Hmediumconst                                   mediumconst  000000
__HnvCOMRAM                                      nvCOMRAM     000000
__HnvFARRAM                                      nvFARRAM     000000
__Hnvbit                                         nvbit        000000
__Hnvrram                                        nvrram       000000
__Hparam                                         rparam       000000
__Hpowerup                                       powerup      000260
__Hram                                           ram          000000
__Hramtop                                        ramtop       001000
__Hrbit                                          rbit         000000
__Hrbss                                          rbss         000000
__Hrdata                                         rdata        000000
__Hreset_vec                                     reset_vec    000004
__Hrparam                                        rparam       000000
__Hsfr                                           sfr          000000
__Hsmallconst                                    smallconst   001056
__Hspace_0                                       (abs)        0040C5
__Hspace_1                                       (abs)        00017F
__Hspace_2                                       (abs)        000000
__Hspace_4                                       (abs)        60000E
__Hstack                                         stack        000000
__Hstruct                                        struct       000000
__Htemp                                          temp         000059
__Htext                                          text         000000
__Htext0                                         text0        000000
__Htext1                                         text1        000000
__Htext10                                        text10       000000
__Htext11                                        text11       000000
__Htext12                                        text12       000000
__Htext13                                        text13       000000
__Htext14                                        text14       000000
__Htext15                                        text15       000000
__Htext16                                        text16       000000
__Htext17                                        text17       000000
__Htext18                                        text18       000000
__Htext19                                        text19       000000
__Htext2                                         text2        000000
__Htext20                                        text20       000000
__Htext21                                        text21       000000
__Htext22                                        text22       000000
__Htext23                                        text23       000000
__Htext24                                        text24       000000
__Htext25                                        text25       000000
__Htext26                                        text26       000000
__Htext27                                        text27       000000
__Htext28                                        text28       000000
__Htext29                                        text29       000000
__Htext3                                         text3        000000
__Htext30                                        text30       000000
__Htext31                                        text31       000000
__Htext32                                        text32       000000
__Htext33                                        text33       000000
__Htext34                                        text34       000000
__Htext35                                        text35       000000
__Htext36                                        text36       000000
__Htext37                                        text37       000000
__Htext38                                        text38       000000
__Htext39                                        text39       000000
__Htext4                                         text4        000000
__Htext40                                        text40       000000
__Htext41                                        text41       000000
__Htext42                                        text42       000000
__Htext43                                        text43       000000
__Htext44                                        text44       000000
__Htext45                                        text45       000000
__Htext46                                        text46       000000
__Htext47                                        text47       000000
__Htext48                                        text48       000000
__Htext49                                        text49       000000
__Htext5                                         text5        000000
__Htext50                                        text50       000000
__Htext51                                        text51       000000
__Htext52                                        text52       000000
__Htext54                                        text54       000000
__Htext55                                        text55       000000
__Htext56                                        text56       000000
__Htext57                                        text57       000000
__Htext58                                        text58       000000
__Htext59                                        text59       000000
__Htext6                                         text6        000000
__Htext60                                        text60       000000
__Htext61                                        text61       000000
__Htext62                                        text62       000000
__Htext63                                        text63       000000
__Htext64                                        text64       000000
__Htext65                                        text65       000000
__Htext66                                        text66       000000
__Htext67                                        text67       000000
__Htext68                                        text68       000000
__Htext69                                        text69       000000
__Htext7                                         text7        000000
__Htext70                                        text70       000000
__Htext72                                        text72       000000
__Htext73                                        text73       000000
__Htext74                                        text74       000000
__Htext75                                        text75       000000
__Htext76                                        text76       000000
__Htext77                                        text77       000000
__Htext78                                        text78       000000
__Htext79                                        text79       000000
__Htext8                                         text8        000000
__Htext80                                        text80       000000
__Htext81                                        text81       000000
__Htext82                                        text82       000000
__Htext83                                        text83       000000
__Htext84                                        text84       000000
__Htext85                                        text85       000000
__Htext86                                        text86       000000
__Htext87                                        text87       000000
__Htext88                                        text88       000000
__Htext89                                        text89       000000
__Htext9                                         text9        000000
__Htext90                                        text90       000000
__LRAM                                           (abs)        000001
__L__absolute__                                  __absolute__ 000000
__Labs1                                          abs1         000000
__Lbank0                                         bank0        000000
__Lbank1                                         bank1        000000
__Lbank10                                        bank10       000000
__Lbank11                                        bank11       000000
__Lbank12                                        bank12       000000
__Lbank13                                        bank13       000000
__Lbank14                                        bank14       000000
__Lbank15                                        bank15       000000
__Lbank2                                         bank2        000000
__Lbank3                                         bank3        000000
__Lbank4                                         bank4        000000
__Lbank5                                         bank5        000000
__Lbank6                                         bank6        000000
__Lbank7                                         bank7        000000
__Lbank8                                         bank8        000000
__Lbank9                                         bank9        000000
__Lbigbss                                        bigbss       000000
__Lbigdata                                       bigdata      000000
__Lbigram                                        bigram       000000
__Lbigsfr                                        bigsfr       000000
__Lbss                                           bss          000000
__LbssBANK0                                      bssBANK0     000000
__LbssBANK1                                      bssBANK1     000000
__LbssCOMRAM                                     bssCOMRAM    000000
__Lcinit                                         cinit        000000
__Lclrtext                                       clrtext      000000
__Lcomram                                        comram       000000
__Lconfig                                        config       000000
__Lconst                                         const        000000
__LcstackBANK0                                   cstackBANK0  000000
__LcstackBANK1                                   cstackBANK1  000000
__LcstackCOMRAM                                  cstackCOMRAM 000000
__Ldata                                          data         000000
__LdataBANK0                                     dataBANK0    000000
__LdataBANK1                                     dataBANK1    000000
__LdataCOMRAM                                    dataCOMRAM   000000
__Leeprom_data                                   eeprom_data  000000
__Lfarbss                                        farbss       000000
__Lfardata                                       fardata      000000
__Lheap                                          heap         000000
__Libigdata                                      ibigdata     000000
__Lidata                                         idata        000000
__LidataBANK0                                    idataBANK0   000000
__LidataBANK1                                    idataBANK1   000000
__LidataCOMRAM                                   idataCOMRAM  000000
__Lidloc                                         idloc        000000
__Lifardata                                      ifardata     000000
__Linit                                          init         000260
__Lintcode                                       intcode      000008
__Lintcode_body                                  intcode_body 000000
__Lintcodelo                                     intcodelo    000018
__Lintentry                                      intentry     000000
__Lintret                                        intret       000000
__Lintsave_regs                                  intsave_regs 000000
__Lirdata                                        irdata       000000
__Lmediumconst                                   mediumconst  000000
__LnvCOMRAM                                      nvCOMRAM     000000
__LnvFARRAM                                      nvFARRAM     000000
__Lnvbit                                         nvbit        000000
__Lnvrram                                        nvrram       000000
__Lparam                                         rparam       000000
__Lpowerup                                       powerup      000260
__Lram                                           ram          000000
__Lramtop                                        ramtop       001000
__Lrbit                                          rbit         000000
__Lrbss                                          rbss         000000
__Lrdata                                         rdata        000000
__Lreset_vec                                     reset_vec    000000
__Lrparam                                        rparam       000000
__Lsfr                                           sfr          000000
__Lsmallconst                                    smallconst   001000
__Lspace_0                                       (abs)        000000
__Lspace_1                                       (abs)        000000
__Lspace_2                                       (abs)        000000
__Lspace_4                                       (abs)        000000
__Lstack                                         stack        000000
__Lstruct                                        struct       000000
__Ltemp                                          temp         000058
__Ltext                                          text         000000
__Ltext0                                         text0        000000
__Ltext1                                         text1        000000
__Ltext10                                        text10       000000
__Ltext11                                        text11       000000
__Ltext12                                        text12       000000
__Ltext13                                        text13       000000
__Ltext14                                        text14       000000
__Ltext15                                        text15       000000
__Ltext16                                        text16       000000
__Ltext17                                        text17       000000
__Ltext18                                        text18       000000
__Ltext19                                        text19       000000
__Ltext2                                         text2        000000
__Ltext20                                        text20       000000
__Ltext21                                        text21       000000
__Ltext22                                        text22       000000
__Ltext23                                        text23       000000
__Ltext24                                        text24       000000
__Ltext25                                        text25       000000
__Ltext26                                        text26       000000
__Ltext27                                        text27       000000
__Ltext28                                        text28       000000
__Ltext29                                        text29       000000
__Ltext3                                         text3        000000
__Ltext30                                        text30       000000
__Ltext31                                        text31       000000
__Ltext32                                        text32       000000
__Ltext33                                        text33       000000
__Ltext34                                        text34       000000
__Ltext35                                        text35       000000
__Ltext36                                        text36       000000
__Ltext37                                        text37       000000
__Ltext38                                        text38       000000
__Ltext39                                        text39       000000
__Ltext4                                         text4        000000
__Ltext40                                        text40       000000
__Ltext41                                        text41       000000
__Ltext42                                        text42       000000
__Ltext43                                        text43       000000
__Ltext44                                        text44       000000
__Ltext45                                        text45       000000
__Ltext46                                        text46       000000
__Ltext47                                        text47       000000
__Ltext48                                        text48       000000
__Ltext49                                        text49       000000
__Ltext5                                         text5        000000
__Ltext50                                        text50       000000
__Ltext51                                        text51       000000
__Ltext52                                        text52       000000
__Ltext54                                        text54       000000
__Ltext55                                        text55       000000
__Ltext56                                        text56       000000
__Ltext57                                        text57       000000
__Ltext58                                        text58       000000
__Ltext59                                        text59       000000
__Ltext6                                         text6        000000
__Ltext60                                        text60       000000
__Ltext61                                        text61       000000
__Ltext62                                        text62       000000
__Ltext63                                        text63       000000
__Ltext64                                        text64       000000
__Ltext65                                        text65       000000
__Ltext66                                        text66       000000
__Ltext67                                        text67       000000
__Ltext68                                        text68       000000
__Ltext69                                        text69       000000
__Ltext7                                         text7        000000
__Ltext70                                        text70       000000
__Ltext72                                        text72       000000
__Ltext73                                        text73       000000
__Ltext74                                        text74       000000
__Ltext75                                        text75       000000
__Ltext76                                        text76       000000
__Ltext77                                        text77       000000
__Ltext78                                        text78       000000
__Ltext79                                        text79       000000
__Ltext8                                         text8        000000
__Ltext80                                        text80       000000
__Ltext81                                        text81       000000
__Ltext82                                        text82       000000
__Ltext83                                        text83       000000
__Ltext84                                        text84       000000
__Ltext85                                        text85       000000
__Ltext86                                        text86       000000
__Ltext87                                        text87       000000
__Ltext88                                        text88       000000
__Ltext89                                        text89       000000
__Ltext9                                         text9        000000
__Ltext90                                        text90       000000
__S0                                             (abs)        0040C5
__S1                                             (abs)        00017F
__S4                                             (abs)        000000
__S5                                             (abs)        000000
___awdiv                                         text45       002DCA
___awdiv@counter                                 cstackCOMRAM 00002C
___awdiv@dividend                                cstackCOMRAM 000028
___awdiv@divisor                                 cstackCOMRAM 00002A
___awdiv@quotient                                cstackCOMRAM 00002E
___awdiv@sign                                    cstackCOMRAM 00002D
___awmod                                         text44       0030AE
___awmod@counter                                 cstackCOMRAM 00002C
___awmod@dividend                                cstackCOMRAM 000028
___awmod@divisor                                 cstackCOMRAM 00002A
___awmod@sign                                    cstackCOMRAM 00002D
___fldiv                                         text52       001482
___fldiv@a                                       cstackBANK0  0000E2
___fldiv@aexp                                    cstackBANK1  00014E
___fldiv@b                                       cstackBANK0  0000DE
___fldiv@bexp                                    cstackBANK1  00014D
___fldiv@grs                                     cstackBANK1  000149
___fldiv@new_exp                                 cstackBANK1  000147
___fldiv@rem                                     cstackBANK1  000142
___fldiv@sign                                    cstackBANK1  000146
___flmul                                         text51       001056
___flmul@a                                       cstackBANK0  0000C9
___flmul@aexp                                    cstackBANK0  0000D2
___flmul@b                                       cstackBANK0  0000C5
___flmul@bexp                                    cstackBANK0  0000D7
___flmul@grs                                     cstackBANK0  0000D3
___flmul@prod                                    cstackBANK0  0000D8
___flmul@sign                                    cstackBANK0  0000D1
___flmul@temp                                    cstackBANK0  0000DC
___fltol                                         text50       00274E
___fltol@exp1                                    cstackBANK1  000158
___fltol@f1                                      cstackBANK1  00014F
___fltol@sign1                                   cstackBANK1  000157
___heap_hi                                       (abs)        000000
___heap_lo                                       (abs)        000000
___inthi_sp                                      stack        000000
___intlo_sp                                      stack        000000
___lldiv                                         text13       00320A
___lldiv@counter                                 cstackBANK0  0000C3
___lldiv@dividend                                cstackBANK0  0000B7
___lldiv@divisor                                 cstackBANK0  0000BB
___lldiv@quotient                                cstackBANK0  0000BF
___lmul                                          text49       003AE6
___lmul@multiplicand                             cstackCOMRAM 00002C
___lmul@multiplier                               cstackCOMRAM 000028
___lmul@product                                  cstackBANK0  0000B3
___param_bank                                    (abs)        000000
___rparam_used                                   (abs)        000001
___sp                                            stack        000000
___xxtofl                                        text48       001AEC
___xxtofl@arg                                    cstackBANK0  0000C1
___xxtofl@exp                                    cstackBANK0  0000C0
___xxtofl@sign                                   cstackBANK0  0000BF
___xxtofl@val                                    cstackBANK0  0000B7
__accesstop                                      (abs)        000080
__activetblptr                                   (abs)        000003
__end_of_ADC_ISR                                 text70       00409E
__end_of_CCP1_Callback_ISR                       text67       002FFC
__end_of_CCP1_Capture_Mode_Init                  text10       003DF0
__end_of_CCP1_ISR                                text66       003EF0
__end_of_CCP1_Interrupt_Init                     text16       0039FE
__end_of_CCP2_ISR                                text65       003EC2
__end_of_CCP2_Interrupt_Init                     text15       003986
__end_of_CCP2_PWM_200KHZ_INIT                    text9        003D74
__end_of_CCP_Capture_Compare_Timer_Config        text18       003A74
__end_of_CCP_Capture_Mode_Init                   text17       002272
__end_of_CCP_Capture_Mode_Read_Value             text69       003356
__end_of_CCP_Init                                text11       00294E
__end_of_CCP_Interrupt_Init                      text14       00390E
__end_of_CCP_PWM_Mode_Init                       text12       00274E
__end_of_HeartRate_Calculate                     text47       0024F8
__end_of_HeartRate_Display                       text23       002D00
__end_of_HeartRate_Measure_Init                  text2        004076
__end_of_INT0_ISR                                text89       0040C2
__end_of_INT1_ISR                                text64       00409A
__end_of_INT2_ISR                                text63       004096
__end_of_InterruptManagerHigh                    intcode_body 001AEC
__end_of_InterruptManagerLow                     intcodelo    000260
__end_of_RB4_ISR                                 text62       004092
__end_of_RB5_ISR                                 text61       00408E
__end_of_RB6_ISR                                 text60       00408A
__end_of_RB7_ISR                                 text59       004086
__end_of_TMR0_ISR                                text58       004054
__end_of_TMR1_ISR                                text57       004048
__end_of_TMR2_ISR                                text56       00407C
__end_of_TMR3_Callback_ISR                       text55       00403C
__end_of_TMR3_ISR                                text54       003E5E
__end_of_Timer2_Init                             text8        00371C
__end_of_Timer2_Timer_Init                       text7        003F98
__end_of_Timer3_Init                             text5        002C1C
__end_of_Timer3_Mode_Select                      text6        00369E
__end_of_Timer3_Timer_Init                       text4        003F76
__end_of_Timer3_Write_Value                      text68       003FB8
__end_of_Welcome_Message                         text1        002A3E
__end_of___awdiv                                 text45       002E8E
__end_of___awmod                                 text44       00315E
__end_of___fldiv                                 text52       00189C
__end_of___flmul                                 text51       001482
__end_of___fltol                                 text50       002856
__end_of___lldiv                                 text13       0032B0
__end_of___lmul                                  text49       003B54
__end_of___xxtofl                                text48       001CA4
__end_of__initialization                         cinit        003616
__end_of_abs                                     text43       003DB6
__end_of_btn_values                              smallconst   001011
__end_of_convert_uint8_to_string                 text34       002F46
__end_of_dtoa                                    text38       001E3E
__end_of_ecu_layer_initialize                    text19       00402E
__end_of_fputc                                   text41       002DCA
__end_of_fputs                                   text40       003D30
__end_of_gpio_pin_direction_initialize           text22       002118
__end_of_gpio_pin_initialize                     text21       00351E
__end_of_gpio_pin_write_logic                    text33       0023C0
__end_of_lcd_4bit_initialize                     text20       002B2E
__end_of_lcd_4bit_send_char_data                 text30       003818
__end_of_lcd_4bit_send_char_data_pos             text27       003CE8
__end_of_lcd_4bit_send_command                   text29       00379A
__end_of_lcd_4bit_send_custom_char               text26       0035A0
__end_of_lcd_4bit_send_enable_signal             text32       003BA8
__end_of_lcd_4bit_send_string                    text25       003C9E
__end_of_lcd_4bit_send_string_pos                text24       003AE6
__end_of_lcd_4bit_set_cursor                     text28       0030AE
__end_of_lcd_send_4bits                          text31       00348E
__end_of_main                                    text0        003E28
__end_of_mcal_layer_initialize                   text3        00401E
__end_of_memset                                  text46       001FB6
__end_of_pad                                     text39       003896
__end_of_putch                                   text42       0040C4
__end_of_sprintf                                 text35       003C4E
__end_of_vfpfcnvrt                               text37       002624
__end_of_vfprintf                                text36       003BFC
__end_ofi2_ADC_ISR                               text88       0040BE
__end_ofi2_CCP1_Callback_ISR                     text85       00320A
__end_ofi2_CCP1_ISR                              text84       003F4C
__end_ofi2_CCP2_ISR                              text83       003F1E
__end_ofi2_CCP_Capture_Mode_Read_Value           text87       0033FC
__end_ofi2_INT1_ISR                              text82       0040BA
__end_ofi2_INT2_ISR                              text81       0040B6
__end_ofi2_RB4_ISR                               text80       0040B2
__end_ofi2_RB5_ISR                               text79       0040AE
__end_ofi2_RB6_ISR                               text78       0040AA
__end_ofi2_RB7_ISR                               text77       0040A6
__end_ofi2_TMR0_ISR                              text76       00406C
__end_ofi2_TMR1_ISR                              text75       004060
__end_ofi2_TMR2_ISR                              text74       004082
__end_ofi2_TMR3_Callback_ISR                     text73       0040A2
__end_ofi2_TMR3_ISR                              text72       003E94
__end_ofi2_Timer3_Write_Value                    text86       003FD8
__initialization                                 cinit        0035A0
__mediumconst                                    mediumconst  000000
__pbssBANK0                                      bssBANK0     000080
__pbssBANK1                                      bssBANK1     000100
__pbssCOMRAM                                     bssCOMRAM    000031
__pcinit                                         cinit        0035A0
__pcstackBANK0                                   cstackBANK0  0000B3
__pcstackBANK1                                   cstackBANK1  00013E
__pcstackCOMRAM                                  cstackCOMRAM 000001
__pdataBANK0                                     dataBANK0    0000E6
__pdataBANK1                                     dataBANK1    000165
__pdataCOMRAM                                    dataCOMRAM   000057
__pidataBANK0                                    idataBANK0   003FD8
__pidataBANK1                                    idataBANK1   003FF2
__pidataCOMRAM                                   idataCOMRAM  0040C4
__pintcode                                       intcode      000008
__pintcode_body                                  intcode_body 00189C
__pintcodelo                                     intcodelo    000018
__pnvCOMRAM                                      nvCOMRAM     000056
__psmallconst                                    smallconst   001000
__ptext0                                         text0        003DF0
__ptext1                                         text1        00294E
__ptext10                                        text10       003DB6
__ptext11                                        text11       002856
__ptext12                                        text12       002624
__ptext13                                        text13       00320A
__ptext14                                        text14       003896
__ptext15                                        text15       00390E
__ptext16                                        text16       003986
__ptext17                                        text17       002118
__ptext18                                        text18       0039FE
__ptext19                                        text19       00401E
__ptext2                                         text2        00406C
__ptext20                                        text20       002A3E
__ptext21                                        text21       00348E
__ptext22                                        text22       001FB6
__ptext23                                        text23       002C1C
__ptext24                                        text24       003A74
__ptext25                                        text25       003C4E
__ptext26                                        text26       00351E
__ptext27                                        text27       003C9E
__ptext28                                        text28       002FFC
__ptext29                                        text29       00371C
__ptext3                                         text3        00400C
__ptext30                                        text30       00379A
__ptext31                                        text31       0033FC
__ptext32                                        text32       003B54
__ptext33                                        text33       002272
__ptext34                                        text34       002E8E
__ptext35                                        text35       003BFC
__ptext36                                        text36       003BA8
__ptext37                                        text37       0024F8
__ptext38                                        text38       001CA4
__ptext39                                        text39       003818
__ptext4                                         text4        003F4C
__ptext40                                        text40       003CE8
__ptext41                                        text41       002D00
__ptext42                                        text42       0040C2
__ptext43                                        text43       003D74
__ptext44                                        text44       0030AE
__ptext45                                        text45       002DCA
__ptext46                                        text46       001E3E
__ptext47                                        text47       0023C0
__ptext48                                        text48       001AEC
__ptext49                                        text49       003AE6
__ptext5                                         text5        002B2E
__ptext50                                        text50       00274E
__ptext51                                        text51       001056
__ptext52                                        text52       001482
__ptext54                                        text54       003E28
__ptext55                                        text55       00402E
__ptext56                                        text56       004076
__ptext57                                        text57       00403C
__ptext58                                        text58       004048
__ptext59                                        text59       004082
__ptext6                                         text6        003620
__ptext60                                        text60       004086
__ptext61                                        text61       00408A
__ptext62                                        text62       00408E
__ptext63                                        text63       004092
__ptext64                                        text64       004096
__ptext65                                        text65       003E94
__ptext66                                        text66       003EC2
__ptext67                                        text67       002F46
__ptext68                                        text68       003F98
__ptext69                                        text69       0032B0
__ptext7                                         text7        003F76
__ptext70                                        text70       00409A
__ptext72                                        text72       003E5E
__ptext73                                        text73       00409E
__ptext74                                        text74       00407C
__ptext75                                        text75       004054
__ptext76                                        text76       004060
__ptext77                                        text77       0040A2
__ptext78                                        text78       0040A6
__ptext79                                        text79       0040AA
__ptext8                                         text8        00369E
__ptext80                                        text80       0040AE
__ptext81                                        text81       0040B2
__ptext82                                        text82       0040B6
__ptext83                                        text83       003EF0
__ptext84                                        text84       003F1E
__ptext85                                        text85       00315E
__ptext86                                        text86       003FB8
__ptext87                                        text87       003356
__ptext88                                        text88       0040BA
__ptext89                                        text89       0040BE
__ptext9                                         text9        003D30
__ptext90                                        text90       000000
__ramtop                                         ramtop       001000
__smallconst                                     smallconst   001000
_abs                                             text43       003D74
_btn_values                                      smallconst   001001
_cap_flag                                        bssBANK0     000099
_ccp1_obj                                        bssBANK0     00009A
_ccp2_obj                                        bssBANK1     000131
_convert_uint8_to_string                         text34       002E8E
_dbuf                                            bssBANK1     000111
_dtoa                                            text38       001CA4
_dtoa$3368                                       cstackBANK0  0000C9
_ecu_layer_initialize                            text19       00401E
_flags                                           bssCOMRAM    000047
_fputc                                           text41       002D00
_fputs                                           text40       003CE8
_gpio_pin_direction_initialize                   text22       001FB6
_gpio_pin_initialize                             text21       00348E
_gpio_pin_write_logic                            text33       002272
_heart_rate_bpm                                  bssCOMRAM    000055
_lat_registers                                   dataBANK0    0000E6
_lcd1                                            dataBANK0    0000FA
_lcd_4bit_initialize                             text20       002A3E
_lcd_4bit_send_char_data                         text30       00379A
_lcd_4bit_send_char_data_pos                     text27       003C9E
_lcd_4bit_send_command                           text29       00371C
_lcd_4bit_send_custom_char                       text26       00351E
_lcd_4bit_send_enable_signal                     text32       003B54
_lcd_4bit_send_string                            text25       003C4E
_lcd_4bit_send_string_pos                        text24       003A74
_lcd_4bit_set_cursor                             text28       002FFC
_lcd_send_4bits                                  text31       0033FC
_led1                                            dataCOMRAM   000057
_main                                            text0        003DF0
_mcal_layer_initialize                           text3        00400C
_memset                                          text46       001E3E
_ovf_cnt                                         bssCOMRAM    000048
_pad                                             text39       003818
_port_registers                                  dataBANK1    000165
_prec                                            bssBANK0     00008A
_putch                                           text42       0040C2
_ret                                             nvCOMRAM     000056
_sprintf                                         text35       003BFC
_timer0_preload                                  bssCOMRAM    00003B
_timer1_preload                                  bssCOMRAM    000039
_timer2_obj                                      bssBANK0     0000B1
_timer2_preload                                  bssCOMRAM    000049
_timer3_obj                                      bssBANK0     0000A7
_timer3_preload                                  bssCOMRAM    000035
_tris_registers                                  dataBANK0    0000F0
_vfpfcnvrt                                       text37       0024F8
_vfprintf                                        text36       003BA8
_width                                           bssBANK0     000088
abs@a                                            cstackCOMRAM 00002E
btemp                                            temp         000058
convert_uint8_to_string@Temp_str                 cstackBANK1  000158
convert_uint8_to_string@cnt                      cstackBANK1  00015D
convert_uint8_to_string@str                      cstackBANK1  000156
convert_uint8_to_string@value                    cstackBANK1  00015C
dtoa@d                                           cstackBANK0  0000C7
dtoa@fp                                          cstackBANK0  0000C5
dtoa@i                                           cstackBANK0  0000D0
dtoa@p                                           cstackBANK0  0000CB
dtoa@s                                           cstackBANK0  0000CF
dtoa@w                                           cstackBANK0  0000CD
end_of_initialization                            cinit        003616
fputc@c                                          cstackCOMRAM 000028
fputc@fp                                         cstackCOMRAM 00002A
fputs@c                                          cstackBANK0  0000B7
fputs@fp                                         cstackBANK0  0000B5
fputs@i                                          cstackBANK0  0000B8
fputs@s                                          cstackBANK0  0000B3
gpio_pin_direction_initialize@pin_config         cstackCOMRAM 000028
gpio_pin_direction_initialize@ret                cstackCOMRAM 000030
gpio_pin_initialize@pin_config                   cstackBANK0  0000B4
gpio_pin_initialize@ret                          cstackBANK0  0000B7
gpio_pin_write_logic@logic                       cstackCOMRAM 00002A
gpio_pin_write_logic@pin_config                  cstackCOMRAM 000028
gpio_pin_write_logic@ret                         cstackBANK0  0000B3
i2CCP_Capture_Mode_Read_Value@_ccp_obj           cstackCOMRAM 000001
i2CCP_Capture_Mode_Read_Value@capture_temp_value cstackCOMRAM 000009
i2CCP_Capture_Mode_Read_Value@capture_value      cstackCOMRAM 000003
i2Timer3_Write_Value@_timer                      cstackCOMRAM 000001
i2Timer3_Write_Value@_value                      cstackCOMRAM 000003
i2_ADC_ISR                                       text88       0040BA
i2_CCP1_Callback_ISR                             text85       00315E
i2_CCP1_ISR                                      text84       003F1E
i2_CCP2_ISR                                      text83       003EF0
i2_CCP_Capture_Mode_Read_Value                   text87       003356
i2_INT1_ISR                                      text82       0040B6
i2_INT2_ISR                                      text81       0040B2
i2_RB4_ISR                                       text80       0040AE
i2_RB5_ISR                                       text79       0040AA
i2_RB6_ISR                                       text78       0040A6
i2_RB7_ISR                                       text77       0040A2
i2_TMR0_ISR                                      text76       004060
i2_TMR1_ISR                                      text75       004054
i2_TMR2_ISR                                      text74       00407C
i2_TMR3_Callback_ISR                             text73       00409E
i2_TMR3_ISR                                      text72       003E5E
i2_Timer3_Write_Value                            text86       003FB8
int$flags                                        temp         000058
int_func                                         intcode_body 00189C
intlevel0                                        text         000000
intlevel1                                        text         000000
intlevel2                                        text         000000
intlevel3                                        text         000000
isa$std                                          (abs)        000001
isa$xinst                                        (abs)        000000
lcd_4bit_initialize@l_data_pins_counter          cstackBANK0  0000C0
lcd_4bit_initialize@lcd                          cstackBANK0  0000BC
lcd_4bit_initialize@ret                          cstackBANK0  0000C1
lcd_4bit_send_char_data@data                     cstackBANK0  0000BA
lcd_4bit_send_char_data@lcd                      cstackBANK0  0000B8
lcd_4bit_send_char_data@ret                      cstackBANK0  0000BB
lcd_4bit_send_char_data_pos@column               cstackBANK0  0000C5
lcd_4bit_send_char_data_pos@data                 cstackBANK0  0000C6
lcd_4bit_send_char_data_pos@lcd                  cstackBANK0  0000C2
lcd_4bit_send_char_data_pos@ret                  cstackBANK0  0000C7
lcd_4bit_send_char_data_pos@row                  cstackBANK0  0000C4
lcd_4bit_send_command@command                    cstackBANK0  0000BA
lcd_4bit_send_command@lcd                        cstackBANK0  0000B8
lcd_4bit_send_command@ret                        cstackBANK0  0000BB
lcd_4bit_send_custom_char@_chr                   cstackBANK0  0000CC
lcd_4bit_send_custom_char@column                 cstackBANK0  0000CB
lcd_4bit_send_custom_char@lcd                    cstackBANK0  0000C8
lcd_4bit_send_custom_char@lcd_counter            cstackBANK0  0000CF
lcd_4bit_send_custom_char@mem_pos                cstackBANK0  0000CE
lcd_4bit_send_custom_char@row                    cstackBANK0  0000CA
lcd_4bit_send_enable_signal@lcd                  cstackBANK0  0000B4
lcd_4bit_send_enable_signal@ret                  cstackBANK0  0000B6
lcd_4bit_send_string@lcd                         cstackBANK0  0000BC
lcd_4bit_send_string@str                         cstackBANK0  0000BE
lcd_4bit_send_string_pos@column                  cstackBANK0  0000C5
lcd_4bit_send_string_pos@lcd                     cstackBANK0  0000C2
lcd_4bit_send_string_pos@row                     cstackBANK0  0000C4
lcd_4bit_send_string_pos@str                     cstackBANK0  0000C6
lcd_4bit_set_cursor@column                       cstackBANK0  0000BF
lcd_4bit_set_cursor@lcd                          cstackBANK0  0000BC
lcd_4bit_set_cursor@row                          cstackBANK0  0000BE
lcd_send_4bits@_data_command                     cstackBANK0  0000B6
lcd_send_4bits@lcd                               cstackBANK0  0000B4
lcd_send_4bits@ret                               cstackBANK0  0000B7
led_initialize@F3319                             bssCOMRAM    000054
led_toggle@F3334                                 bssCOMRAM    000051
led_turn_off@F3329                               bssCOMRAM    000052
led_turn_on@F3324                                bssCOMRAM    000053
memset@c                                         cstackCOMRAM 00002A
memset@dest                                      cstackCOMRAM 000028
memset@k                                         cstackBANK0  0000B3
memset@n                                         cstackCOMRAM 00002C
memset@s                                         cstackBANK0  0000B5
pad@buf                                          cstackBANK0  0000BC
pad@fp                                           cstackBANK0  0000BA
pad@i                                            cstackBANK0  0000C1
pad@p                                            cstackBANK0  0000BE
pad@w                                            cstackBANK0  0000C3
relay_initialize@F3313                           bssCOMRAM    000050
relay_turn_off@F3323                             bssCOMRAM    00004E
relay_turn_on@F3318                              bssCOMRAM    00004F
sprintf@ap                                       cstackBANK1  000148
sprintf@f                                        cstackBANK1  00014A
sprintf@fmt                                      cstackBANK1  000142
sprintf@s                                        cstackBANK1  000140
stackhi                                          (abs)        000000
stacklo                                          (abs)        000000
start                                            init         000260
start_initialization                             cinit        0035A0
ttemp5                                           temp         000059
ttemp6                                           temp         00005C
ttemp7                                           temp         000060
vfpfcnvrt@ap                                     cstackBANK0  0000D6
vfpfcnvrt@convarg                                cstackBANK0  0000DA
vfpfcnvrt@cp                                     cstackBANK0  0000DE
vfpfcnvrt@fmt                                    cstackBANK0  0000D4
vfpfcnvrt@fp                                     cstackBANK0  0000D2
vfprintf@ap                                      cstackBANK0  0000E4
vfprintf@cfmt                                    cstackBANK1  00013E
vfprintf@fmt                                     cstackBANK0  0000E2
vfprintf@fp                                      cstackBANK0  0000E0
wtemp8                                           temp         000059


MODULE INFORMATION

Module		Function		Class		Link	Load	Size
C:\Program Files\Microchip\xc8\v2.41\pic\sources\c99\common\awmod.c
		___awmod       		CODE           	30AE	0000	176

C:\Program Files\Microchip\xc8\v2.41\pic\sources\c99\common\awmod.c estimated size: 176

C:\Program Files\Microchip\xc8\v2.41\pic\sources\c99\common\Umul32.c
		___lmul        		CODE           	3AE6	0000	110

C:\Program Files\Microchip\xc8\v2.41\pic\sources\c99\common\Umul32.c estimated size: 110

C:\Program Files\Microchip\xc8\v2.41\pic\sources\c99\common\fltol.c
		___fltol       		CODE           	274E	0000	264

C:\Program Files\Microchip\xc8\v2.41\pic\sources\c99\common\fltol.c estimated size: 264

C:\Program Files\Microchip\xc8\v2.41\pic\sources\c99\common\xxtofl.c
		___xxtofl      		CODE           	1AEC	0000	440

C:\Program Files\Microchip\xc8\v2.41\pic\sources\c99\common\xxtofl.c estimated size: 440

C:\Program Files\Microchip\xc8\v2.41\pic\sources\c99\common\__lldiv.c
		___lldiv       		CODE           	320A	0000	166

C:\Program Files\Microchip\xc8\v2.41\pic\sources\c99\common\__lldiv.c estimated size: 166

C:\Program Files\Microchip\xc8\v2.41\pic\sources\c99\common\nf_fputc.c
		_fputc         		CODE           	2D00	0000	202

C:\Program Files\Microchip\xc8\v2.41\pic\sources\c99\common\nf_fputc.c estimated size: 202

C:\Program Files\Microchip\xc8\v2.41\pic\sources\c99\common\memset.c
		_memset        		CODE           	1E3E	0000	376

C:\Program Files\Microchip\xc8\v2.41\pic\sources\c99\common\memset.c estimated size: 376

C:\Program Files\Microchip\xc8\v2.41\pic\sources\c99\common\nf_sprintf.c
		_sprintf       		CODE           	3BFC	0000	82

C:\Program Files\Microchip\xc8\v2.41\pic\sources\c99\common\nf_sprintf.c estimated size: 82

HeartRate_Measure.c
		_HeartRate_Display		CODE           	2C1C	0000	228
		_TMR3_Callback_ISR		CODE           	402E	0000	14
		_HeartRate_Measure_Init		CODE           	406C	0000	10
		_CCP1_Callback_ISR		CODE           	2F46	0000	182
		_HeartRate_Calculate		CODE           	23C0	0000	312
		_Welcome_Message		CODE           	294E	0000	240

HeartRate_Measure.c estimated size: 986

C:\Program Files\Microchip\xc8\v2.41\pic\sources\c99\common\awdiv.c
		___awdiv       		CODE           	2DCA	0000	196

C:\Program Files\Microchip\xc8\v2.41\pic\sources\c99\common\awdiv.c estimated size: 196

ECU_Layer/Chr_LCD/ecu_chr_lcd.c
		_lcd_4bit_send_command		CODE           	371C	0000	126
		_lcd_4bit_send_string_pos		CODE           	3A74	0000	114
		_lcd_4bit_send_char_data		CODE           	379A	0000	126
		_lcd_send_4bits		CODE           	33FC	0000	146
		_lcd_4bit_send_char_data_pos		CODE           	3C9E	0000	74
		_lcd_4bit_set_cursor		CODE           	2FFC	0000	178
		_lcd_4bit_send_enable_signal		CODE           	3B54	0000	84
		_lcd_4bit_send_custom_char		CODE           	351E	0000	130
		_lcd_4bit_initialize		CODE           	2A3E	0000	240
		_convert_uint8_to_string		CODE           	2E8E	0000	184
		_lcd_4bit_send_string		CODE           	3C4E	0000	80

ECU_Layer/Chr_LCD/ecu_chr_lcd.c estimated size: 1482

C:\Program Files\Microchip\xc8\v2.41\pic\sources\c99\common\abs.c
		_abs           		CODE           	3D74	0000	66

C:\Program Files\Microchip\xc8\v2.41\pic\sources\c99\common\abs.c estimated size: 66

C:\Program Files\Microchip\xc8\v2.41\pic\sources\c99\common\doprnt.c
		_vfpfcnvrt     		CODE           	24F8	0000	300
		_pad           		CODE           	3818	0000	126
		_dtoa          		CODE           	1CA4	0000	410
		_vfprintf      		CODE           	3BA8	0000	84

C:\Program Files\Microchip\xc8\v2.41\pic\sources\c99\common\doprnt.c estimated size: 920

MCAL_Layer/mcal_layer_init.c
		_Timer2_Timer_Init		CODE           	3F76	0000	34
		_CCP2_PWM_200KHZ_INIT		CODE           	3D30	0000	68
		_Timer3_Timer_Init		CODE           	3F4C	0000	42
		_CCP1_Capture_Mode_Init		CODE           	3DB6	0000	58
		_mcal_layer_initialize		CODE           	400C	0000	18

MCAL_Layer/mcal_layer_init.c estimated size: 220

shared
		i2_CCP_Capture_Mode_Read_Value		CODE           	3356	0000	166
		i2_TMR3_Callback_ISR		CODE           	409E	0000	4
		i2_RB6_ISR     		CODE           	40A6	0000	4
		i2_INT1_ISR    		CODE           	40B6	0000	4
		i2_TMR1_ISR    		CODE           	4054	0000	12
		i2_RB7_ISR     		CODE           	40A2	0000	4
		i2_CCP1_ISR    		CODE           	3F1E	0000	46
		i2_Timer3_Write_Value		CODE           	3FB8	0000	32
		i2_CCP1_Callback_ISR		CODE           	315E	0000	172
		_btn_values    		SMALLCONST     	1001	0000	16
		__initialization		CODE           	35A0	0000	118
		i2_INT2_ISR    		CODE           	40B2	0000	4
		i2_TMR2_ISR    		CODE           	407C	0000	6
		i2_CCP2_ISR    		CODE           	3EF0	0000	46
		i2_RB4_ISR     		CODE           	40AE	0000	4
		i2_ADC_ISR     		CODE           	40BA	0000	4
		i2_TMR0_ISR    		CODE           	4060	0000	12
		i2_RB5_ISR     		CODE           	40AA	0000	4
		i2_TMR3_ISR    		CODE           	3E5E	0000	54

shared estimated size: 712

MCAL_Layer/Interrupt/mcal_external_interrupt.c
		_RB4_ISR       		CODE           	408E	0000	4
		_RB5_ISR       		CODE           	408A	0000	4
		_RB6_ISR       		CODE           	4086	0000	4
		_RB7_ISR       		CODE           	4082	0000	4
		_INT0_ISR      		CODE           	40BE	0000	4
		_INT1_ISR      		CODE           	4096	0000	4
		_INT2_ISR      		CODE           	4092	0000	4

MCAL_Layer/Interrupt/mcal_external_interrupt.c estimated size: 28

MCAL_Layer/Interrupt/mcal_interrupt_manager.c
		_InterruptManagerLow		CODE           	0018	0000	584
		_InterruptManagerHigh		CODE           	0008	0000	598

MCAL_Layer/Interrupt/mcal_interrupt_manager.c estimated size: 1182

MCAL_Layer/GPIO/hal_gpio.c
		_gpio_pin_write_logic		CODE           	2272	0000	334
		_gpio_pin_direction_initialize		CODE           	1FB6	0000	354
		_gpio_pin_initialize		CODE           	348E	0000	144

MCAL_Layer/GPIO/hal_gpio.c estimated size: 832

C:\Program Files\Microchip\xc8\v2.41\pic\sources\c99\common\putch.c
		_putch         		CODE           	40C2	0000	2

C:\Program Files\Microchip\xc8\v2.41\pic\sources\c99\common\putch.c estimated size: 2

ECU_Layer/ecu_layer_init.c
		_ecu_layer_initialize		CODE           	401E	0000	16

ECU_Layer/ecu_layer_init.c estimated size: 16

C:\Program Files\Microchip\xc8\v2.41\pic\sources\c99\common\nf_fputs.c
		_fputs         		CODE           	3CE8	0000	72

C:\Program Files\Microchip\xc8\v2.41\pic\sources\c99\common\nf_fputs.c estimated size: 72

application.c
		_main          		CODE           	3DF0	0000	56

application.c estimated size: 56

MCAL_Layer/Timer3/hal_timer3.c
		_TMR3_ISR      		CODE           	3E28	0000	54
		_Timer3_Init   		CODE           	2B2E	0000	238
		_Timer3_Write_Value		CODE           	3F98	0000	32
		_Timer3_Mode_Select		CODE           	3620	0000	126

MCAL_Layer/Timer3/hal_timer3.c estimated size: 450

MCAL_Layer/Timer2/hal_timer2.c
		_TMR2_ISR      		CODE           	4076	0000	6
		_Timer2_Init   		CODE           	369E	0000	126

MCAL_Layer/Timer2/hal_timer2.c estimated size: 132

C:\Program Files\Microchip\xc8\v2.41\pic\sources\c99\common\sprcmul.c
		___flmul       		CODE           	1056	0000	1068

C:\Program Files\Microchip\xc8\v2.41\pic\sources\c99\common\sprcmul.c estimated size: 1068

MCAL_Layer/Timer1/hal_timer1.c
		_TMR1_ISR      		CODE           	403C	0000	12

MCAL_Layer/Timer1/hal_timer1.c estimated size: 12

MCAL_Layer/CCP/hal_ccp.c
		_CCP_Capture_Mode_Init		CODE           	2118	0000	346
		_CCP1_Interrupt_Init		CODE           	3986	0000	120
		_CCP_Capture_Mode_Read_Value		CODE           	32B0	0000	166
		_CCP1_ISR      		CODE           	3EC2	0000	46
		_CCP_Init      		CODE           	2856	0000	248
		_CCP2_Interrupt_Init		CODE           	390E	0000	120
		_CCP2_ISR      		CODE           	3E94	0000	46
		_CCP_Capture_Compare_Timer_Config		CODE           	39FE	0000	118
		_CCP_Interrupt_Init		CODE           	3896	0000	120
		_CCP_PWM_Mode_Init		CODE           	2624	0000	298

MCAL_Layer/CCP/hal_ccp.c estimated size: 1628

MCAL_Layer/Timer0/hal_timer0.c
		_TMR0_ISR      		CODE           	4048	0000	12

MCAL_Layer/Timer0/hal_timer0.c estimated size: 12

C:\Program Files\Microchip\xc8\v2.41\pic\sources\c99\common\sprcdiv.c
		___fldiv       		CODE           	1482	0000	1050

C:\Program Files\Microchip\xc8\v2.41\pic\sources\c99\common\sprcdiv.c estimated size: 1050

MCAL_Layer/Interrupt/mcal_internal_interrupt.c
		_ADC_ISR       		CODE           	409A	0000	4

MCAL_Layer/Interrupt/mcal_internal_interrupt.c estimated size: 4

